gameinsight	241
TFBJP	208
mtvhottest	164
TeamFollowBack	124
androidgames	114
android	104
ipadgames	89
RT	86
MTVHottest	81
ipad	78
oomf	78
HITFOLLOWSTEAM	67
RETWEET	66
MentionPeopleWhoYouNeverForget	66
SougoFollow	64
IdBeLyingIfISaid	62
THF	52
SmurfsVillage	51
luke5sosplayps3withmichael	51
AugustWish	50
FollowBack	49
randomfact	47
OpenFollow	47
HonestyHour	46
openfollow	46
gfgra	44
TeamFairyRose	43
TEAMFOLLOWBACK	43
5sosfam	42
nowplaying	42
OPENFOLLOW	42
Thankful	41
TEAMFAIRYROSE	39
iphonegames	39
Happy25thPinkMonsterDay	36
NowPlaying	35
np	34
TEAMHITFOLLOW	34
amazing	32
diet	31
miracle	31
EXO	30
iphone	29
으르렁	28
Follow	27
咆哮	27
Android	27
Oomf	26
proud	25
CongratsOnYourDiamondJustinWeLoveYou	25
R_Family	24
MTVhottest	24
TMW	24
Mustfollow	23
FOLLOWNGAIN	23
SoundCloud	22
Beliebers	22
Leo	22
NP	22
michaelisthebestest	22
AutoFollow	21
MustFollow	21
TFB	21
together	20
MaxVIP	19
BelieveTour	18
blessed	18
BeliebersAreSoProudOfJustin	18
MUSIC	18
win	18
tbt	18
AllMe	18
iPhone	17
Scorpio	17
Aries	17
easilyattractedto	17
F4F	16
FOLLOWBACK	16
idbelyingifisaid	16
500aDay	16
musichistory	16
music	16
diamondaward	16
dodgers	15
thankful	15
thefamily	15
Cancer	15
FOLLOW	15
iPad	14
LALOVE	14
ImSingleBecause	14
WCW	14
YorkshireDay	14
1DIDPhotoUpdates	14
ANDROID	14
purevi	14
Followers	13
funny	13
Retweet	13
Aquarius	13
GrowlLikeEXO	13
FF	12
Capricorn	12
الراتب_مايكفي_الحاجة	12
fb	12
GameInsight	12
History	12
AAAndrea	12
thank	12
HitFollowsTeam	12
thursday	12
NOAH1stYear	12
Follow2BeFollowed	12
Pisces	11
Openfollow	11
LOVE	11
news	11
TurnOns	11
diamond	11
followme	11
honored	11
TheStruggle	11
