gameinsight	241
TFBJP	208
mtvhottest	164
TeamFollowBack	124
androidgames	114
android	104
ipadgames	89
RT	86
MTVHottest	81
ipad	78
oomf	78
HITFOLLOWSTEAM	67
RETWEET	66
MentionPeopleWhoYouNeverForget	66
SougoFollow	64
IdBeLyingIfISaid	62
THF	52
luke5sosplayps3withmichael	51
SmurfsVillage	51
AugustWish	50
FollowBack	49
randomfact	47
OpenFollow	47
HonestyHour	46
openfollow	46
gfgra	44
TeamFairyRose	43
TEAMFOLLOWBACK	43
OPENFOLLOW	42
nowplaying	42
5sosfam	42
Thankful	41
