Calum5SOS	878
Michael5SOS	612
Luke5SOS	574
Ashton5SOS	562
justinbieber	441
JaiBrooks1	421
luke_brooks	327
Drake	315
NiallOfficial	283
YouTube	186
5SOS	171
Harry_Styles	145
AustinMahone	138
zaynmalik	89
HitFollowsJp	74
JManziel2	73
ColonelBieber	69
TweetLikeAGirI	65
henrylau89	65
LOHANTHONY	64
AlfredoFlores	64
shanedawson	55
James_Yammouni	51
followmustjp	49
BrooksBeau	48
pattiemallette	47
BeelineGames	46
dailyteenwords	46
SergioRazta	45
bowdowngomez	45
Real_Liam_Payne	44
afidmafu	44
owlcity	42
scooterbraun	39
Louis_Tomlinson	39
damnitstrue	37
RIAA	35
FIirting	35
katyperry	35
HeffronDrive	33
2chainz	32
Huntermoore	32
FrankOceaan	31
JASMINEVILLEGAS	31
TrendManiaC	31
UberFacts	31
BigSean	31
Key_Wane	31
9GAG	29
SMTOWNGLOBAL	29
Funny_Truth	28
OpenFollowjp	28
kobebryant	27
ladygaga	27
ArianaGrande	25
Drakee_YMCMB	25
onedirection	24
HornyFacts	24
Follow_Trains	23
TFB_Roberta	23
TC_FollowBack	22
autocorrects	21
officedepot	20
MegMcQuaide	20
SexuaITips	19
PasswordReset	19
Ashton_lrwin	19
pewdiepie	19
Real_Cortez	18
ThelIluminati	18
StephenGlickman	18
SamPottorff	18
LeosWeAre	17
Yea_she_squats	17
matthunter123	17
Notebook	17
TheFunnyVines	16
RealDopePosts	16
FactsOfSchool	16
Fact	16
disneywords	16
onedirection_ID	16
scrappy	16
dinabieber0	15
rihanna	15
himawari0127i	15
ilovebobong	15
wittynate	15
AboutAquarius	15
TacoBell	15
sandybeales	14
welcomeOVO	14
LmfaoMinions	14
ROSAS_Lindas	14
DrewChadwickE3	14
itsRealTFB	14
MagicJohnson	14
Royceda59	13
AllFollowMax	13
JColeDC	13
yepitstrey	13
ohteenquotes	13
TheBucktList	13
UnionJworld	13
RudeComedian	13
SayingsForGirls	13
BrunoMars	13
relatabIe	13
Bombfantasyyy	13
brit1017	13
MattPatterson30	13
Fujifilm_India	12
SincerelyTumblr	12
SoDamnRomantic	12
NEWW0RLDBLU	12
Strawburry17	12
MileyCyrus	12
TedOfficialPage	12
FunnyQuotees	12
Country_Words	12
cadburysilk	12
CodySimpson	12
CauseWereGuys	12
iAdmireMyQuote	12
LifeFacts	12
GeniusFootball	12
GirIsTweets	12
thepersonbelow4	12
JullyBlack	11
Laughbook	11
SoDamnTrue	11
Lmao	11
ImThatGentleman	11
funnyortruth	11
fivesoslove	11
Lover_Lesson	11
Zach_Dorsey	11
MacBarbie07	11
selenagomez	11
MarcusButlerTv	11
theeLeek0	11
weknowthedj	11
FunnyPicsDepot	11
MrMakeHerSmile	11
Forbes	11
KardinalO	11
AriesWeAre	11
