Calum5SOS	878
Michael5SOS	612
Luke5SOS	574
Ashton5SOS	562
justinbieber	441
JaiBrooks1	421
luke_brooks	327
Drake	315
NiallOfficial	283
YouTube	186
5SOS	171
Harry_Styles	145
AustinMahone	138
